
> client@0.1.0 start
> react-scripts start

node.exe : (node:14704) [DEP0176] 
DeprecationWarning: fs.F_OK is deprecated, use 
fs.constants.F_OK instead
At line:1 char:1
+ & "C:\Program Files\nodejs/node.exe" 
"C:\Program Files\nodejs/node_mo ...
+ ~~~~~~~~~~~~~~~~~~~~~~~~~~~~~~~~~~~~~~~~~~~~~~~
~~~~~~~~~~~~~~~~~~~~~~
    + CategoryInfo          : NotSpecified: ((no 
   de:14704) [D...ts.F_OK instead:String) [], R  
  emoteException
    + FullyQualifiedErrorId : NativeCommandError
 
(Use `node --trace-deprecation ...` to show 
where the warning was created)
Something is already running on port 3000.
